../Core/Src/lcd1602.c:16:6:LCD_gotoxy	16	static
../Core/Src/lcd1602.c:37:6:set_cursor_position	16	static
../Core/Src/lcd1602.c:43:6:LCD_printString	24	static
../Core/Src/lcd1602.c:52:6:LCD_printChar	16	static
../Core/Src/lcd1602.c:58:6:LCD_ClrScr	8	static
../Core/Src/lcd1602.c:69:6:LCD_WriteDATA	24	static
../Core/Src/lcd1602.c:77:6:LCD_WriteCMD	24	static
../Core/Src/lcd1602.c:85:6:write_4bits	16	static
../Core/Src/lcd1602.c:98:6:master_transmit	40	static
../Core/Src/lcd1602.c:136:6:LCD_Init	8	static
../Core/Src/lcd1602.c:178:6:I2C1_Init	48	static
