../Core/Src/lcd1602.c:18:6:LCD_gotoxy	16	static
../Core/Src/lcd1602.c:39:6:set_cursor_position	16	static
../Core/Src/lcd1602.c:45:6:scroll_left	16	static
../Core/Src/lcd1602.c:54:6:LCD_print_String	152	static
../Core/Src/lcd1602.c:68:6:LCD_print_Char	16	static
../Core/Src/lcd1602.c:74:6:LCD_ClrScr	8	static
../Core/Src/lcd1602.c:85:6:LCD_WriteDATA	24	static
../Core/Src/lcd1602.c:93:6:LCD_WriteCMD	24	static
../Core/Src/lcd1602.c:101:6:write_4bits	16	static
../Core/Src/lcd1602.c:114:6:master_transmit	40	static
../Core/Src/lcd1602.c:152:6:LCD_Init	8	static
../Core/Src/lcd1602.c:198:6:I2C1_Init	48	static
